------------------------------------------------------------
Timing Analyzer Summary
------------------------------------------------------------

Type  : Slow 1200mV 85C Model Setup 'Clk'
Slack : -10.547
TNS   : -2014.397

Type  : Slow 1200mV 85C Model Hold 'Clk'
Slack : 0.323
TNS   : 0.000

Type  : Slow 1200mV 85C Model Recovery 'Clk'
Slack : -0.953
TNS   : -8.947

Type  : Slow 1200mV 85C Model Removal 'Clk'
Slack : 0.747
TNS   : 0.000

Type  : Slow 1200mV 85C Model Minimum Pulse Width 'Clk'
Slack : -3.000
TNS   : -424.505

Type  : Slow 1200mV 0C Model Setup 'Clk'
Slack : -9.688
TNS   : -1839.068

Type  : Slow 1200mV 0C Model Hold 'Clk'
Slack : 0.289
TNS   : 0.000

Type  : Slow 1200mV 0C Model Recovery 'Clk'
Slack : -0.794
TNS   : -6.894

Type  : Slow 1200mV 0C Model Removal 'Clk'
Slack : 0.680
TNS   : 0.000

Type  : Slow 1200mV 0C Model Minimum Pulse Width 'Clk'
Slack : -3.000
TNS   : -422.369

Type  : Fast 1200mV 0C Model Setup 'Clk'
Slack : -3.903
TNS   : -706.581

Type  : Fast 1200mV 0C Model Hold 'Clk'
Slack : 0.141
TNS   : 0.000

Type  : Fast 1200mV 0C Model Recovery 'Clk'
Slack : 0.140
TNS   : 0.000

Type  : Fast 1200mV 0C Model Removal 'Clk'
Slack : 0.344
TNS   : 0.000

Type  : Fast 1200mV 0C Model Minimum Pulse Width 'Clk'
Slack : -3.000
TNS   : -300.998

------------------------------------------------------------
